// Jest Snapshot v1, https://goo.gl/fbAQLP

exports[`Avatar Snap render Avatar -- props circle 1`] = `undefined`;

exports[`Avatar Snap render Avatar -- props image 1`] = `undefined`;

exports[`Avatar Snap render Avatar -- props size(large)  1`] = `undefined`;

exports[`Avatar Snap render Avatar -- props size(normal)  1`] = `undefined`;

exports[`Avatar Snap render Avatar -- props size(small)  1`] = `undefined`;

exports[`Avatar Snap render Avatar -- props text 1`] = `undefined`;
